src/App.tsx(50,115): error TS2339: Property 'AnnouncementsPage' does not exist on type 'typeof import("C:/Users/Cyborg 15/Desktop/JPP-POLISAS-main/src/pages/jpp/AnnouncementsPage")'.
src/App.tsx(433,43): error TS2307: Cannot find module '@/contexts/ImageOptimizationContext' or its corresponding type declarations.
src/components/ai/FloatingAiChat.tsx(653,7): error TS2304: Cannot find name 'toast'.
src/components/exco/ExcoAktivitiPage.tsx(127,50): error TS2339: Property 'type' does not exist on type 'unknown'.
src/components/exco/ExcoAktivitiPage.tsx(134,45): error TS2345: Argument of type 'unknown' is not assignable to parameter of type 'File'.
  Type '{}' is missing the following properties from type 'File': lastModified, name, webkitRelativePath, size, and 6 more.
src/components/exco/ExcoSemakanLaporanPage.tsx(353,23): error TS2322: Type '{ key: any; report: any; themeColor: string; showActions: false; onApprove: () => void; onReject: () => void; }' is not assignable to type '{ report: ExcoReport; themeColor: string; showActions: boolean; onApprove: () => void; onReject: () => void; }'.
  Property 'key' does not exist on type '{ report: ExcoReport; themeColor: string; showActions: boolean; onApprove: () => void; onReject: () => void; }'.
src/components/keusahawanan/PosSalesReportPDF.tsx(347,18): error TS2339: Property 'expenseItems' does not exist on type 'StatsData'.
src/components/keusahawanan/PosSalesReportPDF.tsx(352,19): error TS2339: Property 'expenseItems' does not exist on type 'StatsData'.
src/components/layout/BottomNav.tsx(202,30): error TS2322: Type '{ icon: any; label: string; onClick: () => void; isActive?: boolean; badge?: number; key: number; }' is not assignable to type 'NavLinkData'.
  Property 'key' does not exist on type 'NavLinkData'.
src/components/layout/BottomNav.tsx(256,30): error TS2322: Type '{ icon: any; label: string; onClick: () => void; isActive?: boolean; badge?: number; key: number; }' is not assignable to type 'NavLinkData'.
  Property 'key' does not exist on type 'NavLinkData'.
src/components/layout/Header.tsx(118,20): error TS2322: Type '{ children: string; variant: "default" | "outline"; className: string; }' is not assignable to type 'VariantProps<(props?: ConfigVariants<{ variant: { default: string; secondary: string; destructive: string; outline: string; }; }> & ClassProp) => string>'.
  Property 'children' does not exist on type 'VariantProps<(props?: ConfigVariants<{ variant: { default: string; secondary: string; destructive: string; outline: string; }; }> & ClassProp) => string>'.
src/components/layout/PortalSidebar.tsx(149,18): error TS2322: Type '{ children: string; className: string; }' is not assignable to type 'VariantProps<(props?: ConfigVariants<{ variant: { default: string; secondary: string; destructive: string; outline: string; }; }> & ClassProp) => string>'.
  Property 'children' does not exist on type 'VariantProps<(props?: ConfigVariants<{ variant: { default: string; secondary: string; destructive: string; outline: string; }; }> & ClassProp) => string>'.
src/components/layout/Sidebar.tsx(164,25): error TS2322: Type '{ key: string; item: NavItem; accentColor: string; }' is not assignable to type '{ item: NavItem; accentColor?: string; }'.
  Property 'key' does not exist on type '{ item: NavItem; accentColor?: string; }'.
src/components/layout/Sidebar.tsx(191,18): error TS2322: Type '{ children: string; className: string; }' is not assignable to type 'VariantProps<(props?: ConfigVariants<{ variant: { default: string; secondary: string; destructive: string; outline: string; }; }> & ClassProp) => string>'.
  Property 'children' does not exist on type 'VariantProps<(props?: ConfigVariants<{ variant: { default: string; secondary: string; destructive: string; outline: string; }; }> & ClassProp) => string>'.
src/components/layout/Sidebar.tsx(236,29): error TS2322: Type '{ key: string; item: NavItem; accentColor: string; }' is not assignable to type '{ item: NavItem; accentColor?: string; }'.
  Property 'key' does not exist on type '{ item: NavItem; accentColor?: string; }'.
src/components/layout/Sidebar.tsx(251,29): error TS2322: Type '{ key: string; item: NavItem; accentColor: string; }' is not assignable to type '{ item: NavItem; accentColor?: string; }'.
  Property 'key' does not exist on type '{ item: NavItem; accentColor?: string; }'.
src/components/layout/Sidebar.tsx(271,14): error TS2322: Type '{ children: string; className: string; }' is not assignable to type 'VariantProps<(props?: ConfigVariants<{ variant: { default: string; secondary: string; destructive: string; outline: string; }; }> & ClassProp) => string>'.
  Property 'children' does not exist on type 'VariantProps<(props?: ConfigVariants<{ variant: { default: string; secondary: string; destructive: string; outline: string; }; }> & ClassProp) => string>'.
src/components/layout/Sidebar.tsx(494,14): error TS2322: Type '{ children: string; className: string; }' is not assignable to type 'VariantProps<(props?: ConfigVariants<{ variant: { default: string; secondary: string; destructive: string; outline: string; }; }> & ClassProp) => string>'.
  Property 'children' does not exist on type 'VariantProps<(props?: ConfigVariants<{ variant: { default: string; secondary: string; destructive: string; outline: string; }; }> & ClassProp) => string>'.
src/components/layout/Sidebar.tsx(499,14): error TS2322: Type '{ children: string; className: string; }' is not assignable to type 'VariantProps<(props?: ConfigVariants<{ variant: { default: string; secondary: string; destructive: string; outline: string; }; }> & ClassProp) => string>'.
  Property 'children' does not exist on type 'VariantProps<(props?: ConfigVariants<{ variant: { default: string; secondary: string; destructive: string; outline: string; }; }> & ClassProp) => string>'.
src/components/PwaUpdater.tsx(2,31): error TS2307: Cannot find module 'virtual:pwa-register/react' or its corresponding type declarations.
src/components/takwim/PemantauanTakwimTab.tsx(396,24): error TS2322: Type '{ children: string; className: string; }' is not assignable to type 'VariantProps<(props?: ConfigVariants<{ variant: { default: string; secondary: string; destructive: string; outline: string; }; }> & ClassProp) => string>'.
  Property 'children' does not exist on type 'VariantProps<(props?: ConfigVariants<{ variant: { default: string; secondary: string; destructive: string; outline: string; }; }> & ClassProp) => string>'.
src/components/ui/badge.tsx(30,18): error TS2339: Property 'className' does not exist on type 'BadgeProps'.
src/components/ui/button-group.tsx(28,4): error TS2503: Cannot find namespace 'React'.
src/components/ui/button-group.tsx(44,4): error TS2503: Cannot find namespace 'React'.
src/components/ui/button-group.tsx(64,4): error TS2503: Cannot find namespace 'React'.
src/components/ui/DynamicIcon.tsx(48,34): error TS2339: Property 'className' does not exist on type '{ size?: string | number; }'.
src/components/ui/empty.tsx(5,41): error TS2503: Cannot find namespace 'React'.
src/components/ui/empty.tsx(18,47): error TS2503: Cannot find namespace 'React'.
src/components/ui/empty.tsx(50,4): error TS2503: Cannot find namespace 'React'.
src/components/ui/empty.tsx(61,46): error TS2503: Cannot find namespace 'React'.
src/components/ui/empty.tsx(71,52): error TS2503: Cannot find namespace 'React'.
src/components/ui/empty.tsx(84,48): error TS2503: Cannot find namespace 'React'.
src/components/ui/ErrorBoundary.tsx(48,10): error TS2339: Property 'setState' does not exist on type 'ErrorBoundary'.
src/components/ui/ErrorBoundary.tsx(56,10): error TS2339: Property 'setState' does not exist on type 'ErrorBoundary'.
src/components/ui/ErrorBoundary.tsx(139,17): error TS2339: Property 'props' does not exist on type 'ErrorBoundary'.
src/components/ui/field.tsx(10,44): error TS2503: Cannot find namespace 'React'.
src/components/ui/field.tsx(28,4): error TS2503: Cannot find namespace 'React'.
src/components/ui/field.tsx(44,46): error TS2503: Cannot find namespace 'React'.
src/components/ui/field.tsx(85,4): error TS2503: Cannot find namespace 'React'.
src/components/ui/field.tsx(97,48): error TS2503: Cannot find namespace 'React'.
src/components/ui/field.tsx(113,4): error TS2503: Cannot find namespace 'React'.
src/components/ui/field.tsx(128,46): error TS2503: Cannot find namespace 'React'.
src/components/ui/field.tsx(141,52): error TS2503: Cannot find namespace 'React'.
src/components/ui/field.tsx(160,4): error TS2503: Cannot find namespace 'React'.
src/components/ui/field.tsx(161,14): error TS2503: Cannot find namespace 'React'.
src/components/ui/field.tsx(191,4): error TS2503: Cannot find namespace 'React'.
src/components/ui/kbd.tsx(3,39): error TS2503: Cannot find namespace 'React'.
src/components/ui/kbd.tsx(18,44): error TS2503: Cannot find namespace 'React'.
src/components/ui/NotificationBell.tsx(15,7): error TS2741: Property 'POLYRIDER' is missing in type '{ KEBAJIKAN: string; EKPP: string; AKADEMIK: string; KEUSAHAWANAN: string; JPP: string; SYSTEM: string; POLYMART: string; KAMSIS: string; KLK: string; }' but required in type 'Record<NotificationModule, string>'.
src/components/ui/NotificationBell.tsx(33,7): error TS2741: Property 'POLYRIDER' is missing in type '{ KEBAJIKAN: { label: string; color: string; bg: string; dot: string; }; EKPP: { label: string; color: string; bg: string; dot: string; }; AKADEMIK: { label: string; color: string; bg: string; dot: string; }; KEUSAHAWANAN: { ...; }; ... 4 more ...; KLK: { ...; }; }' but required in type 'Record<NotificationModule, { label: string; color: string; bg: string; dot: string; }>'.
src/components/ui/NotificationBell.tsx(211,32): error TS2322: Type '{ key: string; notif: AppNotification; onRead: () => Promise<void>; }' is not assignable to type '{ notif: AppNotification; onRead: () => void; }'.
  Property 'key' does not exist on type '{ notif: AppNotification; onRead: () => void; }'.
src/components/ui/NotificationBell.tsx(219,32): error TS2322: Type '{ key: string; notif: AppNotification; onRead: () => Promise<void>; }' is not assignable to type '{ notif: AppNotification; onRead: () => void; }'.
  Property 'key' does not exist on type '{ notif: AppNotification; onRead: () => void; }'.
src/components/ui/resizable.tsx(11,4): error TS2503: Cannot find namespace 'React'.
src/components/ui/resizable.tsx(11,51): error TS2339: Property 'PanelGroup' does not exist on type 'typeof import("C:/Users/Cyborg 15/Desktop/JPP-POLISAS-main/node_modules/react-resizable-panels/dist/react-resizable-panels")'.
src/components/ui/resizable.tsx(12,23): error TS2339: Property 'PanelGroup' does not exist on type 'typeof import("C:/Users/Cyborg 15/Desktop/JPP-POLISAS-main/node_modules/react-resizable-panels/dist/react-resizable-panels")'.
src/components/ui/resizable.tsx(27,4): error TS2503: Cannot find namespace 'React'.
src/components/ui/resizable.tsx(27,51): error TS2339: Property 'PanelResizeHandle' does not exist on type 'typeof import("C:/Users/Cyborg 15/Desktop/JPP-POLISAS-main/node_modules/react-resizable-panels/dist/react-resizable-panels")'.
src/components/ui/resizable.tsx(30,23): error TS2339: Property 'PanelResizeHandle' does not exist on type 'typeof import("C:/Users/Cyborg 15/Desktop/JPP-POLISAS-main/node_modules/react-resizable-panels/dist/react-resizable-panels")'.
src/components/ui/resizable.tsx(42,24): error TS2339: Property 'PanelResizeHandle' does not exist on type 'typeof import("C:/Users/Cyborg 15/Desktop/JPP-POLISAS-main/node_modules/react-resizable-panels/dist/react-resizable-panels")'.
src/components/ui/sheet.tsx(64,37): error TS2322: Type 'string' is not assignable to type '"left" | "top" | "bottom" | "right"'.
src/components/ui/sidebar.tsx(573,51): error TS2322: Type 'string' is not assignable to type '"default" | "outline"'.
src/components/ui/sidebar.tsx(573,60): error TS2322: Type 'string' is not assignable to type '"default" | "sm" | "lg"'.
src/components/ui/skeleton.tsx(6,4): error TS2503: Cannot find namespace 'React'.
src/components/ui/sonner.tsx(6,21): error TS2503: Cannot find namespace 'React'.
src/components/ui/spinner.tsx(5,43): error TS2503: Cannot find namespace 'React'.
src/hooks/useLiveDraw.ts(218,38): error TS2345: Argument of type 'unknown' is not assignable to parameter of type 'GroupDrawSlot[]'.
  Type '{}' is missing the following properties from type 'GroupDrawSlot[]': length, pop, push, concat, and 28 more.
src/hooks/usePosData.ts(688,27): error TS2345: Argument of type '"OWNERSHIP_TRANSFERRED"' is not assignable to parameter of type 'PosLogAction'.
src/hooks/usePushNotifications.ts(34,11): error TS2322: Type 'Uint8Array<ArrayBufferLike>' is not assignable to type 'string | BufferSource'.
  Type 'Uint8Array<ArrayBufferLike>' is not assignable to type 'ArrayBufferView<ArrayBuffer>'.
    Types of property 'buffer' are incompatible.
      Type 'ArrayBufferLike' is not assignable to type 'ArrayBuffer'.
        Type 'SharedArrayBuffer' is not assignable to type 'ArrayBuffer'.
          Types of property '[Symbol.toStringTag]' are incompatible.
            Type '"SharedArrayBuffer"' is not assignable to type '"ArrayBuffer"'.
src/hooks/usePushNotifications.ts(77,13): error TS2322: Type 'Uint8Array<ArrayBufferLike>' is not assignable to type 'string | BufferSource'.
  Type 'Uint8Array<ArrayBufferLike>' is not assignable to type 'ArrayBufferView<ArrayBuffer>'.
    Types of property 'buffer' are incompatible.
      Type 'ArrayBufferLike' is not assignable to type 'ArrayBuffer'.
        Type 'SharedArrayBuffer' is not assignable to type 'ArrayBuffer'.
          Types of property '[Symbol.toStringTag]' are incompatible.
            Type '"SharedArrayBuffer"' is not assignable to type '"ArrayBuffer"'.
src/lib/supabase.ts(39,7): error TS2328: Types of parameters 'fn' and 'fn' are incompatible.
  Type 'Promise<R>' is not assignable to type 'Promise<void>'.
    Type 'R' is not assignable to type 'void'.
src/pages/AhliPage.tsx(300,10): error TS2322: Type '{ children: any[]; className: string; }' is not assignable to type 'VariantProps<(props?: ConfigVariants<{ variant: { default: string; secondary: string; destructive: string; outline: string; }; }> & ClassProp) => string>'.
  Property 'children' does not exist on type 'VariantProps<(props?: ConfigVariants<{ variant: { default: string; secondary: string; destructive: string; outline: string; }; }> & ClassProp) => string>'.
src/pages/AhliPage.tsx(363,19): error TS2322: Type '{ key: any; member: any; isPresident: any; onRefresh: () => Promise<void>; actorRole: any; onRoleChange: (userId: string, newRole: string) => Promise<void>; onKick: () => any; }' is not assignable to type '{ member: any; isPresident: boolean; onRefresh: () => void; actorRole: string; onRoleChange: (userId: string, newRole: string) => void; onKick: () => void; }'.
  Property 'key' does not exist on type '{ member: any; isPresident: boolean; onRefresh: () => void; actorRole: string; onRoleChange: (userId: string, newRole: string) => void; onKick: () => void; }'.
src/pages/AhliPage.tsx(495,14): error TS2322: Type '{ children: any; className: string; }' is not assignable to type 'VariantProps<(props?: ConfigVariants<{ variant: { default: string; secondary: string; destructive: string; outline: string; }; }> & ClassProp) => string>'.
  Property 'children' does not exist on type 'VariantProps<(props?: ConfigVariants<{ variant: { default: string; secondary: string; destructive: string; outline: string; }; }> & ClassProp) => string>'.
src/pages/akademik/AkademikFolderPage.tsx(652,33): error TS2322: Type '{ key: any; file: any; isAdmin: true; onDelete: () => Promise<void>; }' is not assignable to type '{ file: any; isAdmin: boolean; onDelete: () => void; }'.
  Property 'key' does not exist on type '{ file: any; isAdmin: boolean; onDelete: () => void; }'.
src/pages/akademik/AkademikTakwimPage.tsx(120,14): error TS2322: Type '{ children: (string | number)[]; key: string; className: string; style: { background: string; color: string; }; onClick: () => any; }' is not assignable to type 'VariantProps<(props?: ConfigVariants<{ variant: { default: string; secondary: string; destructive: string; outline: string; }; }> & ClassProp) => string>'.
  Property 'children' does not exist on type 'VariantProps<(props?: ConfigVariants<{ variant: { default: string; secondary: string; destructive: string; outline: string; }; }> & ClassProp) => string>'.
src/pages/akademik/AkademikTakwimPage.tsx(232,22): error TS2322: Type '{ children: string; className: string; style: { background: string; color: string; }; }' is not assignable to type 'VariantProps<(props?: ConfigVariants<{ variant: { default: string; secondary: string; destructive: string; outline: string; }; }> & ClassProp) => string>'.
  Property 'children' does not exist on type 'VariantProps<(props?: ConfigVariants<{ variant: { default: string; secondary: string; destructive: string; outline: string; }; }> & ClassProp) => string>'.
src/pages/AktivitiFull.tsx(71,10): error TS2322: Type '{ children: string; className: string; }' is not assignable to type 'VariantProps<(props?: ConfigVariants<{ variant: { default: string; secondary: string; destructive: string; outline: string; }; }> & ClassProp) => string>'.
  Property 'children' does not exist on type 'VariantProps<(props?: ConfigVariants<{ variant: { default: string; secondary: string; destructive: string; outline: string; }; }> & ClassProp) => string>'.
src/pages/AktivitiFull.tsx(200,22): error TS2339: Property 'type' does not exist on type 'unknown'.
src/pages/AktivitiFull.tsx(210,45): error TS2345: Argument of type 'unknown' is not assignable to parameter of type 'File'.
  Type '{}' is missing the following properties from type 'File': lastModified, name, webkitRelativePath, size, and 6 more.
src/pages/AktivitiFull.tsx(722,16): error TS2322: Type '{ children: string; className: string; }' is not assignable to type 'VariantProps<(props?: ConfigVariants<{ variant: { default: string; secondary: string; destructive: string; outline: string; }; }> & ClassProp) => string>'.
  Property 'children' does not exist on type 'VariantProps<(props?: ConfigVariants<{ variant: { default: string; secondary: string; destructive: string; outline: string; }; }> & ClassProp) => string>'.
src/pages/AktivitiFull.tsx(920,19): error TS2339: Property 'type' does not exist on type 'unknown'.
src/pages/AktivitiFull.tsx(924,52): error TS2345: Argument of type 'unknown' is not assignable to parameter of type 'File'.
  Type '{}' is missing the following properties from type 'File': lastModified, name, webkitRelativePath, size, and 6 more.
src/pages/AktivitiFull.tsx(996,15): error TS2820: Type '"KPP"' is not assignable to type 'NotificationModule'. Did you mean '"EKPP"'?
src/pages/AktivitiFull.tsx(1524,12): error TS2322: Type '{ children: any; className: string; }' is not assignable to type 'VariantProps<(props?: ConfigVariants<{ variant: { default: string; secondary: string; destructive: string; outline: string; }; }> & ClassProp) => string>'.
  Property 'children' does not exist on type 'VariantProps<(props?: ConfigVariants<{ variant: { default: string; secondary: string; destructive: string; outline: string; }; }> & ClassProp) => string>'.
src/pages/CarianPage.tsx(101,22): error TS2322: Type '{ children: string; className: string; }' is not assignable to type 'VariantProps<(props?: ConfigVariants<{ variant: { default: string; secondary: string; destructive: string; outline: string; }; }> & ClassProp) => string>'.
  Property 'children' does not exist on type 'VariantProps<(props?: ConfigVariants<{ variant: { default: string; secondary: string; destructive: string; outline: string; }; }> & ClassProp) => string>'.
src/pages/CarianPage.tsx(115,20): error TS2322: Type '{ children: any; className: string; }' is not assignable to type 'VariantProps<(props?: ConfigVariants<{ variant: { default: string; secondary: string; destructive: string; outline: string; }; }> & ClassProp) => string>'.
  Property 'children' does not exist on type 'VariantProps<(props?: ConfigVariants<{ variant: { default: string; secondary: string; destructive: string; outline: string; }; }> & ClassProp) => string>'.
src/pages/CarianPage.tsx(128,20): error TS2322: Type '{ children: any; className: string; }' is not assignable to type 'VariantProps<(props?: ConfigVariants<{ variant: { default: string; secondary: string; destructive: string; outline: string; }; }> & ClassProp) => string>'.
  Property 'children' does not exist on type 'VariantProps<(props?: ConfigVariants<{ variant: { default: string; secondary: string; destructive: string; outline: string; }; }> & ClassProp) => string>'.
src/pages/ClubDetailPage.tsx(157,16): error TS2322: Type '{ children: any; className: string; }' is not assignable to type 'VariantProps<(props?: ConfigVariants<{ variant: { default: string; secondary: string; destructive: string; outline: string; }; }> & ClassProp) => string>'.
  Property 'children' does not exist on type 'VariantProps<(props?: ConfigVariants<{ variant: { default: string; secondary: string; destructive: string; outline: string; }; }> & ClassProp) => string>'.
src/pages/ClubDetailPage.tsx(158,16): error TS2322: Type '{ children: string[]; className: string; }' is not assignable to type 'VariantProps<(props?: ConfigVariants<{ variant: { default: string; secondary: string; destructive: string; outline: string; }; }> & ClassProp) => string>'.
  Property 'children' does not exist on type 'VariantProps<(props?: ConfigVariants<{ variant: { default: string; secondary: string; destructive: string; outline: string; }; }> & ClassProp) => string>'.
src/pages/DashboardPage.tsx(52,26): error TS2322: Type '{ children: string; className: string; }' is not assignable to type 'VariantProps<(props?: ConfigVariants<{ variant: { default: string; secondary: string; destructive: string; outline: string; }; }> & ClassProp) => string>'.
  Property 'children' does not exist on type 'VariantProps<(props?: ConfigVariants<{ variant: { default: string; secondary: string; destructive: string; outline: string; }; }> & ClassProp) => string>'.
src/pages/DashboardPage.tsx(53,51): error TS2322: Type '{ children: string; className: string; }' is not assignable to type 'VariantProps<(props?: ConfigVariants<{ variant: { default: string; secondary: string; destructive: string; outline: string; }; }> & ClassProp) => string>'.
  Property 'children' does not exist on type 'VariantProps<(props?: ConfigVariants<{ variant: { default: string; secondary: string; destructive: string; outline: string; }; }> & ClassProp) => string>'.
src/pages/DashboardPage.tsx(54,44): error TS2322: Type '{ children: string; className: string; }' is not assignable to type 'VariantProps<(props?: ConfigVariants<{ variant: { default: string; secondary: string; destructive: string; outline: string; }; }> & ClassProp) => string>'.
  Property 'children' does not exist on type 'VariantProps<(props?: ConfigVariants<{ variant: { default: string; secondary: string; destructive: string; outline: string; }; }> & ClassProp) => string>'.
src/pages/DashboardPage.tsx(101,16): error TS2322: Type '{ children: any; className: string; }' is not assignable to type 'VariantProps<(props?: ConfigVariants<{ variant: { default: string; secondary: string; destructive: string; outline: string; }; }> & ClassProp) => string>'.
  Property 'children' does not exist on type 'VariantProps<(props?: ConfigVariants<{ variant: { default: string; secondary: string; destructive: string; outline: string; }; }> & ClassProp) => string>'.
src/pages/DashboardPage.tsx(312,14): error TS2322: Type '{ children: any; className: string; }' is not assignable to type 'VariantProps<(props?: ConfigVariants<{ variant: { default: string; secondary: string; destructive: string; outline: string; }; }> & ClassProp) => string>'.
  Property 'children' does not exist on type 'VariantProps<(props?: ConfigVariants<{ variant: { default: string; secondary: string; destructive: string; outline: string; }; }> & ClassProp) => string>'.
src/pages/DashboardPage.tsx(459,56): error TS2322: Type '{ key: any; program: any; onUnlock: (program: any) => Promise<void>; }' is not assignable to type '{ program: any; onUnlock: (p: any) => void; }'.
  Property 'key' does not exist on type '{ program: any; onUnlock: (p: any) => void; }'.
src/pages/DashboardPage.tsx(543,20): error TS2322: Type '{ children: any[]; variant: "outline"; className: string; }' is not assignable to type 'VariantProps<(props?: ConfigVariants<{ variant: { default: string; secondary: string; destructive: string; outline: string; }; }> & ClassProp) => string>'.
  Property 'children' does not exist on type 'VariantProps<(props?: ConfigVariants<{ variant: { default: string; secondary: string; destructive: string; outline: string; }; }> & ClassProp) => string>'.
src/pages/jpp/AnnouncementsPage.tsx(314,12): error TS2322: Type '{ children: string; variant: "secondary"; className: string; }' is not assignable to type 'VariantProps<(props?: ConfigVariants<{ variant: { default: string; secondary: string; destructive: string; outline: string; }; }> & ClassProp) => string>'.
  Property 'children' does not exist on type 'VariantProps<(props?: ConfigVariants<{ variant: { default: string; secondary: string; destructive: string; outline: string; }; }> & ClassProp) => string>'.
src/pages/jpp/JppHomePage.tsx(344,21): error TS2322: Type '{ key: any; code: any; isLocked: boolean; delay: number; onNavigate: (link: string) => void | Promise<void>; }' is not assignable to type '{ code: string; isLocked: boolean; delay: number; onNavigate: (link: string) => void; }'.
  Property 'key' does not exist on type '{ code: string; isLocked: boolean; delay: number; onNavigate: (link: string) => void; }'.
src/pages/jpp/JppHomePage.tsx(378,29): error TS2322: Type '{ key: any; event: any; delay: number; }' is not assignable to type '{ event: any; delay: number; }'.
  Property 'key' does not exist on type '{ event: any; delay: number; }'.
src/pages/jpp/JppMembersPage.tsx(315,13): error TS2322: Type '{ key: string; member: JppMember; canEdit: boolean; themeColor: string; onUpdate: (id: string, patch: Partial<JppMember>) => void; onRemove: (id: string) => void; }' is not assignable to type '{ member: JppMember; canEdit: boolean; themeColor: string; onUpdate: (id: string, patch: Partial<JppMember>) => void; onRemove: (id: string) => void; }'.
  Property 'key' does not exist on type '{ member: JppMember; canEdit: boolean; themeColor: string; onUpdate: (id: string, patch: Partial<JppMember>) => void; onRemove: (id: string) => void; }'.
src/pages/jpp/JppMembersPage.tsx(900,19): error TS2322: Type '{ key: any; title: string; members: any; canEdit: any; themeColor: any; onUpdate: any; onRemove: any; }' is not assignable to type '{ title: string; members: JppMember[]; canEdit: boolean; themeColor: string; onUpdate: (id: string, patch: Partial<JppMember>) => void; onRemove: (id: string) => void; }'.
  Property 'key' does not exist on type '{ title: string; members: JppMember[]; canEdit: boolean; themeColor: string; onUpdate: (id: string, patch: Partial<JppMember>) => void; onRemove: (id: string) => void; }'.
src/pages/jpp/JppStructureSettings.tsx(71,46): error TS2339: Property 'shortLabel' does not exist on type 'unknown'.
src/pages/jpp/JppStructureSettings.tsx(71,73): error TS2339: Property 'fullLabel' does not exist on type 'unknown'.
src/pages/jpp/JppTakwimPage.tsx(282,16): error TS2322: Type '{ children: (string | number)[]; key: string; className: string; style: { background: string; color: string; }; onClick: () => any; }' is not assignable to type 'VariantProps<(props?: ConfigVariants<{ variant: { default: string; secondary: string; destructive: string; outline: string; }; }> & ClassProp) => string>'.
  Property 'children' does not exist on type 'VariantProps<(props?: ConfigVariants<{ variant: { default: string; secondary: string; destructive: string; outline: string; }; }> & ClassProp) => string>'.
src/pages/jpp/JppTakwimPage.tsx(289,38): error TS2322: Type '{ children: (string | number)[]; className: string; }' is not assignable to type 'VariantProps<(props?: ConfigVariants<{ variant: { default: string; secondary: string; destructive: string; outline: string; }; }> & ClassProp) => string>'.
  Property 'children' does not exist on type 'VariantProps<(props?: ConfigVariants<{ variant: { default: string; secondary: string; destructive: string; outline: string; }; }> & ClassProp) => string>'.
src/pages/jpp/JppTakwimPage.tsx(472,22): error TS2322: Type '{ children: string; className: string; style: { background: string; color: string; }; }' is not assignable to type 'VariantProps<(props?: ConfigVariants<{ variant: { default: string; secondary: string; destructive: string; outline: string; }; }> & ClassProp) => string>'.
  Property 'children' does not exist on type 'VariantProps<(props?: ConfigVariants<{ variant: { default: string; secondary: string; destructive: string; outline: string; }; }> & ClassProp) => string>'.
src/pages/jpp/JppTakwimPage.tsx(473,38): error TS2322: Type '{ children: string; className: string; }' is not assignable to type 'VariantProps<(props?: ConfigVariants<{ variant: { default: string; secondary: string; destructive: string; outline: string; }; }> & ClassProp) => string>'.
  Property 'children' does not exist on type 'VariantProps<(props?: ConfigVariants<{ variant: { default: string; secondary: string; destructive: string; outline: string; }; }> & ClassProp) => string>'.
src/pages/jpp/units/AkademikUnitDashboard.tsx(615,46): error TS2322: Type '{ key: any; req: any; }' is not assignable to type '{ req: any; }'.
  Property 'key' does not exist on type '{ req: any; }'.
src/pages/jpp/units/AkademikUnitDashboard.tsx(627,43): error TS2322: Type '{ key: any; req: any; }' is not assignable to type '{ req: any; }'.
  Property 'key' does not exist on type '{ req: any; }'.
src/pages/jpp/units/KebajikanUnitDashboard.tsx(33,7): error TS2741: Property 'PENDING_EXTERNAL' is missing in type '{ NEW: { color: string; bg: string; }; IN_PROGRESS: { color: string; bg: string; }; WAITING_INFO: { color: string; bg: string; }; DELEGATED: { color: string; bg: string; }; ESCALATED: { color: string; bg: string; }; REOPENED: { ...; }; RESOLVED: { ...; }; CLOSED: { ...; }; CANCELLED: { ...; }; }' but required in type 'Record<KebajikanTicketStatus, { color: string; bg: string; }>'.
src/pages/jpp/units/KebajikanUnitDashboard.tsx(271,13): error TS2322: Type '{ key: KbjTab; id: KbjTab; label: string; active: boolean; badge: any; onClick: () => any; }' is not assignable to type '{ id: string; label: string; active: boolean; badge?: number; onClick: () => void; }'.
  Property 'key' does not exist on type '{ id: string; label: string; active: boolean; badge?: number; onClick: () => void; }'.
src/pages/jpp/units/KebajikanUnitDashboard.tsx(356,23): error TS2322: Type '{ key: any; ticket: any; onClick: () => void | Promise<void>; }' is not assignable to type '{ ticket: KebajikanTicket; onClick: () => void; }'.
  Property 'key' does not exist on type '{ ticket: KebajikanTicket; onClick: () => void; }'.
src/pages/jpp/units/KebajikanUnitDashboard.tsx(527,21): error TS2322: Type '{ key: any; ticket: any; onClick: () => void | Promise<void>; }' is not assignable to type '{ ticket: KebajikanTicket; onClick: () => void; }'.
  Property 'key' does not exist on type '{ ticket: KebajikanTicket; onClick: () => void; }'.
src/pages/jpp/units/KkUnitDashboard.tsx(568,26): error TS2322: Type '{ children: any; className: string; style: { background: string; color: any; }; }' is not assignable to type 'VariantProps<(props?: ConfigVariants<{ variant: { default: string; secondary: string; destructive: string; outline: string; }; }> & ClassProp) => string>'.
  Property 'children' does not exist on type 'VariantProps<(props?: ConfigVariants<{ variant: { default: string; secondary: string; destructive: string; outline: string; }; }> & ClassProp) => string>'.
src/pages/jpp/units/KppUnitDashboard.tsx(432,22): error TS2322: Type '{ key: KppSubTab; id: KppSubTab; label: string; active: boolean; onClick: () => any; }' is not assignable to type '{ id: string; label: string; active: boolean; onClick: () => void; }'.
  Property 'key' does not exist on type '{ id: string; label: string; active: boolean; onClick: () => void; }'.
src/pages/JppReviewPage.tsx(196,10): error TS2322: Type '{ children: string; className: string; }' is not assignable to type 'VariantProps<(props?: ConfigVariants<{ variant: { default: string; secondary: string; destructive: string; outline: string; }; }> & ClassProp) => string>'.
  Property 'children' does not exist on type 'VariantProps<(props?: ConfigVariants<{ variant: { default: string; secondary: string; destructive: string; outline: string; }; }> & ClassProp) => string>'.
src/pages/JppReviewPage.tsx(335,17): error TS2322: Type '{ key: any; report: any; idx: any; onStartReview: (report: ClubReport) => Promise<void>; onDecision: (report: ClubReport, d: "Diluluskan" | "Ditolak") => void; }' is not assignable to type 'ReviewRowProps'.
  Property 'key' does not exist on type 'ReviewRowProps'.
src/pages/JppReviewPage.tsx(516,18): error TS2322: Type '{ children: any[]; className: string; }' is not assignable to type 'VariantProps<(props?: ConfigVariants<{ variant: { default: string; secondary: string; destructive: string; outline: string; }; }> & ClassProp) => string>'.
  Property 'children' does not exist on type 'VariantProps<(props?: ConfigVariants<{ variant: { default: string; secondary: string; destructive: string; outline: string; }; }> & ClassProp) => string>'.
src/pages/kebajikan/KebajikanTicketDetail.tsx(491,25): error TS2322: Type '{ key: string; label: string; value: string; }' is not assignable to type '{ label: string; value: string; }'.
  Property 'key' does not exist on type '{ label: string; value: string; }'.
src/pages/kebajikan/KebajikanTicketsPage.tsx(144,33): error TS2322: Type '{ key: KebajikanTicketStatus; label: string; active: boolean; onClick: () => any; }' is not assignable to type '{ label: string; active: boolean; onClick: () => void; }'.
  Property 'key' does not exist on type '{ label: string; active: boolean; onClick: () => void; }'.
src/pages/KelabPage.tsx(146,13): error TS2820: Type '"KPP"' is not assignable to type 'NotificationModule'. Did you mean '"EKPP"'?
src/pages/KelabPage.tsx(291,16): error TS2322: Type '{ children: any[]; key: any; className: string; }' is not assignable to type 'VariantProps<(props?: ConfigVariants<{ variant: { default: string; secondary: string; destructive: string; outline: string; }; }> & ClassProp) => string>'.
  Property 'children' does not exist on type 'VariantProps<(props?: ConfigVariants<{ variant: { default: string; secondary: string; destructive: string; outline: string; }; }> & ClassProp) => string>'.
src/pages/KelabPage.tsx(396,32): error TS2322: Type '{ children: any; className: string; }' is not assignable to type 'VariantProps<(props?: ConfigVariants<{ variant: { default: string; secondary: string; destructive: string; outline: string; }; }> & ClassProp) => string>'.
  Property 'children' does not exist on type 'VariantProps<(props?: ConfigVariants<{ variant: { default: string; secondary: string; destructive: string; outline: string; }; }> & ClassProp) => string>'.
src/pages/keusahawanan/KeusahawananAdminPanel.tsx(441,15): error TS2322: Type '{ key: any; business: any; onClose: () => any; onApprove: (b: Business) => Promise<void>; onReject: (b: Business) => Promise<void>; }' is not assignable to type '{ business: Business; onClose: () => void; onApprove: (b: Business) => Promise<void>; onReject: (b: Business) => Promise<void>; }'.
  Property 'key' does not exist on type '{ business: Business; onClose: () => void; onApprove: (b: Business) => Promise<void>; onReject: (b: Business) => Promise<void>; }'.
src/pages/keusahawanan/pos/PosOrderPage.tsx(490,32): error TS2322: Type '{ key: any; product: any; onAdd: any; color: string; }' is not assignable to type '{ product: BusinessProduct; onAdd: (p: BusinessProduct) => void; color: string; }'.
  Property 'key' does not exist on type '{ product: BusinessProduct; onAdd: (p: BusinessProduct) => void; color: string; }'.
src/pages/keusahawanan/pos/PosOrderPage.tsx(536,34): error TS2322: Type '{ key: any; item: any; onQtyChange: any; onRemove: any; color: string; }' is not assignable to type '{ item: BusinessTransactionItem; onQtyChange: (productId: string, qty: number) => void; onRemove: (productId: string) => void; color: string; }'.
  Property 'key' does not exist on type '{ item: BusinessTransactionItem; onQtyChange: (productId: string, qty: number) => void; onRemove: (productId: string) => void; color: string; }'.
src/pages/LaporanPage.tsx(143,11): error TS2820: Type '"KPP"' is not assignable to type 'NotificationModule'. Did you mean '"EKPP"'?
src/pages/LaporanPage.tsx(304,11): error TS2820: Type '"KPP"' is not assignable to type 'NotificationModule'. Did you mean '"EKPP"'?
src/pages/LaporanPage.tsx(326,10): error TS2322: Type '{ children: any; className: string; }' is not assignable to type 'VariantProps<(props?: ConfigVariants<{ variant: { default: string; secondary: string; destructive: string; outline: string; }; }> & ClassProp) => string>'.
  Property 'children' does not exist on type 'VariantProps<(props?: ConfigVariants<{ variant: { default: string; secondary: string; destructive: string; outline: string; }; }> & ClassProp) => string>'.
src/pages/LaporanPage.tsx(431,51): error TS2322: Type '{ children: string; variant: "outline"; className: string; }' is not assignable to type 'VariantProps<(props?: ConfigVariants<{ variant: { default: string; secondary: string; destructive: string; outline: string; }; }> & ClassProp) => string>'.
  Property 'children' does not exist on type 'VariantProps<(props?: ConfigVariants<{ variant: { default: string; secondary: string; destructive: string; outline: string; }; }> & ClassProp) => string>'.
src/pages/LaunchVideo.tsx(232,24): error TS2322: Type '{ key: string; mod: { name: string; tagline: string; features: string[]; nc: string; gc: string; dc: string; bg: string; }; idx: any; }' is not assignable to type '{ mod: { name: string; tagline: string; features: string[]; nc: string; gc: string; dc: string; bg: string; }; idx: number; }'.
  Property 'key' does not exist on type '{ mod: { name: string; tagline: string; features: string[]; nc: string; gc: string; dc: string; bg: string; }; idx: number; }'.
src/pages/LaunchVideo.tsx(866,34): error TS2304: Cannot find name 'SceneProps'.
src/pages/LaunchVideo.tsx(1084,37): error TS2304: Cannot find name 'SceneProps'.
src/pages/LaunchVideo.tsx(1361,33): error TS2304: Cannot find name 'SceneProps'.
src/pages/LaunchVideo.tsx(1828,33): error TS2304: Cannot find name 'SceneProps'.
src/pages/LaunchVideo.tsx(2076,111): error TS2322: Type '{ show: boolean; message: string; pos: string; }' is not assignable to type '{ show: boolean; message: string; }'.
  Property 'pos' does not exist on type '{ show: boolean; message: string; }'.
src/pages/LaunchVideo.tsx(2122,30): error TS2304: Cannot find name 'SceneProps'.
src/pages/LaunchVideo.tsx(2606,33): error TS2304: Cannot find name 'SceneProps'.
src/pages/LeaderboardPage.tsx(78,12): error TS2322: Type '{ children: string; className: string; }' is not assignable to type 'VariantProps<(props?: ConfigVariants<{ variant: { default: string; secondary: string; destructive: string; outline: string; }; }> & ClassProp) => string>'.
  Property 'children' does not exist on type 'VariantProps<(props?: ConfigVariants<{ variant: { default: string; secondary: string; destructive: string; outline: string; }; }> & ClassProp) => string>'.
src/pages/LeaderboardPage.tsx(227,28): error TS2322: Type '{ children: any[]; className: string; }' is not assignable to type 'VariantProps<(props?: ConfigVariants<{ variant: { default: string; secondary: string; destructive: string; outline: string; }; }> & ClassProp) => string>'.
  Property 'children' does not exist on type 'VariantProps<(props?: ConfigVariants<{ variant: { default: string; secondary: string; destructive: string; outline: string; }; }> & ClassProp) => string>'.
src/pages/NexusPage.tsx(275,87): error TS2339: Property 'type' does not exist on type 'unknown'.
src/pages/NexusPage.tsx(277,28): error TS2345: Argument of type 'unknown' is not assignable to parameter of type 'Blob'.
  Type '{}' is missing the following properties from type 'Blob': size, type, arrayBuffer, bytes, and 3 more.
src/pages/NexusPage.tsx(556,16): error TS2322: Type '{ children: string; className: string; }' is not assignable to type 'VariantProps<(props?: ConfigVariants<{ variant: { default: string; secondary: string; destructive: string; outline: string; }; }> & ClassProp) => string>'.
  Property 'children' does not exist on type 'VariantProps<(props?: ConfigVariants<{ variant: { default: string; secondary: string; destructive: string; outline: string; }; }> & ClassProp) => string>'.
src/pages/NexusPage.tsx(880,120): error TS2322: Type '{ children: string; variant: "outline"; className: string; }' is not assignable to type 'VariantProps<(props?: ConfigVariants<{ variant: { default: string; secondary: string; destructive: string; outline: string; }; }> & ClassProp) => string>'.
  Property 'children' does not exist on type 'VariantProps<(props?: ConfigVariants<{ variant: { default: string; secondary: string; destructive: string; outline: string; }; }> & ClassProp) => string>'.
src/pages/NexusPage.tsx(1322,22): error TS2322: Type '{ children: string; variant: "outline"; className: string; }' is not assignable to type 'VariantProps<(props?: ConfigVariants<{ variant: { default: string; secondary: string; destructive: string; outline: string; }; }> & ClassProp) => string>'.
  Property 'children' does not exist on type 'VariantProps<(props?: ConfigVariants<{ variant: { default: string; secondary: string; destructive: string; outline: string; }; }> & ClassProp) => string>'.
src/pages/NexusPage.tsx(1369,22): error TS2322: Type '{ children: string; className: string; }' is not assignable to type 'VariantProps<(props?: ConfigVariants<{ variant: { default: string; secondary: string; destructive: string; outline: string; }; }> & ClassProp) => string>'.
  Property 'children' does not exist on type 'VariantProps<(props?: ConfigVariants<{ variant: { default: string; secondary: string; destructive: string; outline: string; }; }> & ClassProp) => string>'.
src/pages/NotifikasiPage.tsx(14,7): error TS2739: Type '{ KEBAJIKAN: { label: string; color: string; bg: string; dot: string; emoji: string; }; EKPP: { label: string; color: string; bg: string; dot: string; emoji: string; }; AKADEMIK: { label: string; color: string; bg: string; dot: string; emoji: string; }; KEUSAHAWANAN: { ...; }; JPP: { ...; }; SYSTEM: { ...; }; POLYMA...' is missing the following properties from type 'Record<NotificationModule, { label: string; color: string; bg: string; dot: string; emoji: string; }>': KAMSIS, KLK, POLYRIDER
src/pages/NotifikasiPage.tsx(24,7): error TS2739: Type '{ KEBAJIKAN: string; EKPP: string; AKADEMIK: string; KEUSAHAWANAN: string; JPP: string; SYSTEM: string; POLYMART: string; }' is missing the following properties from type 'Record<NotificationModule, string>': KAMSIS, KLK, POLYRIDER
src/pages/NotifikasiPage.tsx(250,17): error TS2322: Type '{ key: NotificationModule; module: NotificationModule; active: boolean; count: any; onClick: () => any; }' is not assignable to type '{ module: "ALL" | NotificationModule; active: boolean; count: number; onClick: () => void; }'.
  Property 'key' does not exist on type '{ module: "ALL" | NotificationModule; active: boolean; count: number; onClick: () => void; }'.
src/pages/NotifikasiPage.tsx(318,21): error TS2322: Type '{ key: any; notif: any; onRead: () => Promise<void>; }' is not assignable to type '{ notif: AppNotification; onRead: () => void; }'.
  Property 'key' does not exist on type '{ notif: AppNotification; onRead: () => void; }'.
src/pages/polymart/PolyMartAdminPanel.tsx(598,45): error TS2322: Type '{ key: any; report: any; onAction: () => Promise<void>; }' is not assignable to type '{ report: Report; onAction: () => void; }'.
  Property 'key' does not exist on type '{ report: Report; onAction: () => void; }'.
src/pages/polymart/PolyMartHome.tsx(168,67): error TS2551: Property 'catch' does not exist on type 'PostgrestFilterBuilder<any, any, any, any, "increment_polymart_ad_click", null, "RPC">'. Did you mean 'match'?
src/pages/polymart/PolyMartHome.tsx(169,87): error TS2551: Property 'catch' does not exist on type 'PostgrestFilterBuilder<any, any, any, null, "polymart_ads", unknown, "PATCH">'. Did you mean 'match'?
src/pages/polymart/PolyMartHome.tsx(221,67): error TS2551: Property 'catch' does not exist on type 'PostgrestFilterBuilder<any, any, any, any, "increment_polymart_ad_click", null, "RPC">'. Did you mean 'match'?
src/pages/polymart/PolyMartHome.tsx(223,87): error TS2551: Property 'catch' does not exist on type 'PostgrestFilterBuilder<any, any, any, null, "polymart_ads", unknown, "PATCH">'. Did you mean 'match'?
src/pages/polymart/PolyMartHome.tsx(506,48): error TS2322: Type '{ key: any; biz: any; }' is not assignable to type '{ biz: PolyBusiness; }'.
  Property 'key' does not exist on type '{ biz: PolyBusiness; }'.
src/pages/polymart/PolyMartHome.tsx(554,40): error TS2322: Type '{ key: string; ad: any; }' is not assignable to type '{ ad: PolyAd; }'.
  Property 'key' does not exist on type '{ ad: PolyAd; }'.
src/pages/polymart/PolyMartHome.tsx(557,37): error TS2322: Type '{ key: string; product: PolyProduct; index: any; }' is not assignable to type '{ product: PolyProduct; index: number; }'.
  Property 'key' does not exist on type '{ product: PolyProduct; index: number; }'.
src/pages/polymart/PolyMartMyOrders.tsx(469,19): error TS2322: Type '{ key: any; order: any; onReview: (o: Order) => any; }' is not assignable to type '{ order: Order; onReview: (o: Order) => void; }'.
  Property 'key' does not exist on type '{ order: Order; onReview: (o: Order) => void; }'.
src/pages/polymart/PolyMartProductDetail.tsx(542,45): error TS2322: Type '{ key: any; review: any; }' is not assignable to type '{ review: Review; }'.
  Property 'key' does not exist on type '{ review: Review; }'.
src/pages/polymart/PolyMartVendorDashboard.tsx(303,34): error TS2304: Cannot find name 'PolyAd'.
src/pages/polymart/PolyMartVendorDashboard.tsx(642,34): error TS2322: Type '{ key: any; order: any; onUpdate: () => void; }' is not assignable to type '{ order: VendorOrder; onUpdate: () => void; }'.
  Property 'key' does not exist on type '{ order: VendorOrder; onUpdate: () => void; }'.
src/pages/PortalPage.tsx(393,26): error TS2322: Type '{ children: string; className: string; }' is not assignable to type 'VariantProps<(props?: ConfigVariants<{ variant: { default: string; secondary: string; destructive: string; outline: string; }; }> & ClassProp) => string>'.
  Property 'children' does not exist on type 'VariantProps<(props?: ConfigVariants<{ variant: { default: string; secondary: string; destructive: string; outline: string; }; }> & ClassProp) => string>'.
src/pages/PortalPage.tsx(452,21): error TS2322: Type '{ key: string; module: ExcoModule; color: string; index: number; isEnabled: boolean; isSuperAdmin: any; onToggle: (moduleId: string, newState: boolean) => Promise<void>; ... 4 more ...; notificationCount: any; }' is not assignable to type 'ExcoCardProps'.
  Property 'key' does not exist on type 'ExcoCardProps'.
src/pages/PromoPage.tsx(56,49): error TS2322: Type '{ key: string; navigate: NavigateFunction; }' is not assignable to type '{ navigate: (path: string) => void; }'.
  Property 'key' does not exist on type '{ navigate: (path: string) => void; }'.
src/pages/SemakanLaporanPage.tsx(387,12): error TS2322: Type '{ children: string; className: string; }' is not assignable to type 'VariantProps<(props?: ConfigVariants<{ variant: { default: string; secondary: string; destructive: string; outline: string; }; }> & ClassProp) => string>'.
  Property 'children' does not exist on type 'VariantProps<(props?: ConfigVariants<{ variant: { default: string; secondary: string; destructive: string; outline: string; }; }> & ClassProp) => string>'.
src/pages/SemakanLaporanPage.tsx(465,32): error TS2322: Type '{ children: any; className: string; }' is not assignable to type 'VariantProps<(props?: ConfigVariants<{ variant: { default: string; secondary: string; destructive: string; outline: string; }; }> & ClassProp) => string>'.
  Property 'children' does not exist on type 'VariantProps<(props?: ConfigVariants<{ variant: { default: string; secondary: string; destructive: string; outline: string; }; }> & ClassProp) => string>'.
src/pages/SemakanLaporanPage.tsx(474,34): error TS2322: Type '{ children: string; className: string; }' is not assignable to type 'VariantProps<(props?: ConfigVariants<{ variant: { default: string; secondary: string; destructive: string; outline: string; }; }> & ClassProp) => string>'.
  Property 'children' does not exist on type 'VariantProps<(props?: ConfigVariants<{ variant: { default: string; secondary: string; destructive: string; outline: string; }; }> & ClassProp) => string>'.
src/pages/SemakanLaporanPage.tsx(580,24): error TS2322: Type '{ children: string; className: string; }' is not assignable to type 'VariantProps<(props?: ConfigVariants<{ variant: { default: string; secondary: string; destructive: string; outline: string; }; }> & ClassProp) => string>'.
  Property 'children' does not exist on type 'VariantProps<(props?: ConfigVariants<{ variant: { default: string; secondary: string; destructive: string; outline: string; }; }> & ClassProp) => string>'.
src/pages/SemakanLaporanPage.tsx(663,30): error TS2322: Type '{ children: any; className: string; }' is not assignable to type 'VariantProps<(props?: ConfigVariants<{ variant: { default: string; secondary: string; destructive: string; outline: string; }; }> & ClassProp) => string>'.
  Property 'children' does not exist on type 'VariantProps<(props?: ConfigVariants<{ variant: { default: string; secondary: string; destructive: string; outline: string; }; }> & ClassProp) => string>'.
src/pages/SemakanLaporanPage.tsx(795,30): error TS2322: Type '{ children: any; className: string; }' is not assignable to type 'VariantProps<(props?: ConfigVariants<{ variant: { default: string; secondary: string; destructive: string; outline: string; }; }> & ClassProp) => string>'.
  Property 'children' does not exist on type 'VariantProps<(props?: ConfigVariants<{ variant: { default: string; secondary: string; destructive: string; outline: string; }; }> & ClassProp) => string>'.
src/pages/SettingsPage.tsx(772,14): error TS2322: Type '{ children: string; className: string; }' is not assignable to type 'VariantProps<(props?: ConfigVariants<{ variant: { default: string; secondary: string; destructive: string; outline: string; }; }> & ClassProp) => string>'.
  Property 'children' does not exist on type 'VariantProps<(props?: ConfigVariants<{ variant: { default: string; secondary: string; destructive: string; outline: string; }; }> & ClassProp) => string>'.
src/pages/SettingsPage.tsx(905,26): error TS2322: Type '{ children: any; variant: "secondary"; className: string; }' is not assignable to type 'VariantProps<(props?: ConfigVariants<{ variant: { default: string; secondary: string; destructive: string; outline: string; }; }> & ClassProp) => string>'.
  Property 'children' does not exist on type 'VariantProps<(props?: ConfigVariants<{ variant: { default: string; secondary: string; destructive: string; outline: string; }; }> & ClassProp) => string>'.
src/pages/SettingsPage.tsx(1103,24): error TS2322: Type '{ children: string; variant: "outline"; className: string; }' is not assignable to type 'VariantProps<(props?: ConfigVariants<{ variant: { default: string; secondary: string; destructive: string; outline: string; }; }> & ClassProp) => string>'.
  Property 'children' does not exist on type 'VariantProps<(props?: ConfigVariants<{ variant: { default: string; secondary: string; destructive: string; outline: string; }; }> & ClassProp) => string>'.
src/pages/SettingsPage.tsx(1142,24): error TS2322: Type '{ children: string; className: string; }' is not assignable to type 'VariantProps<(props?: ConfigVariants<{ variant: { default: string; secondary: string; destructive: string; outline: string; }; }> & ClassProp) => string>'.
  Property 'children' does not exist on type 'VariantProps<(props?: ConfigVariants<{ variant: { default: string; secondary: string; destructive: string; outline: string; }; }> & ClassProp) => string>'.
src/pages/SettingsPage.tsx(1194,26): error TS2322: Type '{ children: string; className: string; }' is not assignable to type 'VariantProps<(props?: ConfigVariants<{ variant: { default: string; secondary: string; destructive: string; outline: string; }; }> & ClassProp) => string>'.
  Property 'children' does not exist on type 'VariantProps<(props?: ConfigVariants<{ variant: { default: string; secondary: string; destructive: string; outline: string; }; }> & ClassProp) => string>'.
src/pages/SettingsPage.tsx(1208,26): error TS2322: Type '{ children: string; className: string; }' is not assignable to type 'VariantProps<(props?: ConfigVariants<{ variant: { default: string; secondary: string; destructive: string; outline: string; }; }> & ClassProp) => string>'.
  Property 'children' does not exist on type 'VariantProps<(props?: ConfigVariants<{ variant: { default: string; secondary: string; destructive: string; outline: string; }; }> & ClassProp) => string>'.
src/pages/supsas/admin/AdminKeputusanPage.tsx(31,65): error TS2339: Property 'medal' does not exist on type 'unknown'.
src/pages/supsas/admin/AdminKeputusanPage.tsx(36,40): error TS2339: Property 'medal' does not exist on type 'unknown'.
src/pages/supsas/admin/AdminKeputusanPage.tsx(36,51): error TS2339: Property 'medal' does not exist on type 'unknown'.
src/pages/supsas/admin/AdminKeputusanPage.tsx(36,87): error TS2339: Property 'medal' does not exist on type 'unknown'.
src/pages/supsas/admin/AdminKeputusanPage.tsx(45,19): error TS2339: Property 'medal' does not exist on type 'unknown'.
src/pages/supsas/admin/AdminKeputusanPage.tsx(46,19): error TS2339: Property 'notes' does not exist on type 'unknown'.
src/pages/supsas/admin/components/AdminBracketPanel.tsx(80,21): error TS2322: Type '{ key: string; entry: DrawEntry; revealed: boolean; color: string; }' is not assignable to type '{ entry: DrawEntry; revealed: boolean; color: string; }'.
  Property 'key' does not exist on type '{ entry: DrawEntry; revealed: boolean; color: string; }'.
src/pages/supsas/admin/components/AdminBracketPanel.tsx(363,21): error TS2322: Type '{ key: any; label: "A" | "B" | "C" | "D"; color: "#F59E0B" | "#8B5CF6" | "#10B981" | "#EF4444"; entries: any; revealedCount: any; }' is not assignable to type '{ label: string; color: string; entries: DrawEntry[]; revealedCount: number; }'.
  Property 'key' does not exist on type '{ label: string; color: string; entries: DrawEntry[]; revealedCount: number; }'.
src/pages/supsas/BracketPage.tsx(155,21): error TS2322: Type '{ key: string; group: string; fixtures: any; kontingen: any; teams: any; kontingenMap: { [k: string]: any; }; color: string; }' is not assignable to type 'GroupStandingsTableProps'.
  Property 'key' does not exist on type 'GroupStandingsTableProps'.
src/pages/supsas/BracketPage.tsx(218,48): error TS2322: Type '{ key: any; fixture: any; kontingenMap: { [k: string]: any; }; teamsMap: { [k: string]: any; }; }' is not assignable to type '{ fixture: SupsasFixture; kontingenMap: Record<string, SupsasKontingen>; teamsMap?: Record<string, SupsasTeam>; }'.
  Property 'key' does not exist on type '{ fixture: SupsasFixture; kontingenMap: Record<string, SupsasKontingen>; teamsMap?: Record<string, SupsasTeam>; }'.
src/pages/supsas/BracketPage.tsx(235,54): error TS2322: Type '{ key: any; fixture: any; kontingenMap: { [k: string]: any; }; teamsMap: { [k: string]: any; }; }' is not assignable to type '{ fixture: SupsasFixture; kontingenMap: Record<string, SupsasKontingen>; teamsMap?: Record<string, SupsasTeam>; }'.
  Property 'key' does not exist on type '{ fixture: SupsasFixture; kontingenMap: Record<string, SupsasKontingen>; teamsMap?: Record<string, SupsasTeam>; }'.
src/pages/supsas/components/LiveDrawOverlay.tsx(127,26): error TS2322: Type '{ key: string; slot: GroupDrawSlot; instantReveal: boolean; }' is not assignable to type '{ slot: GroupDrawSlot; instantReveal: boolean; }'.
  Property 'key' does not exist on type '{ slot: GroupDrawSlot; instantReveal: boolean; }'.
src/pages/supsas/components/LiveDrawOverlay.tsx(207,19): error TS2740: Type '{}' is missing the following properties from type 'GroupDrawSlot[]': length, pop, push, concat, and 28 more.
src/pages/supsas/ketua/KetuaDashboard.tsx(478,21): error TS2322: Type '{ key: any; team: any; maxPlayers: any; participants: any; onAddPlayer: (t: SupsasTeam) => any; onRemovePlayer: (part: Participant) => Promise<void>; onRenameTeam: (team: SupsasTeam, newName: string) => Promise<...>; onDeleteTeam: (team: SupsasTeam) => Promise<...>; }' is not assignable to type '{ team: SupsasTeam; maxPlayers: number; participants: Participant[]; onAddPlayer: (team: SupsasTeam) => void; onRemovePlayer: (part: Participant) => void; onRenameTeam: (team: SupsasTeam, newName: string) => void; onDeleteTeam: (team: SupsasTeam) => void; }'.
  Property 'key' does not exist on type '{ team: SupsasTeam; maxPlayers: number; participants: Participant[]; onAddPlayer: (team: SupsasTeam) => void; onRemovePlayer: (part: Participant) => void; onRenameTeam: (team: SupsasTeam, newName: string) => void; onDeleteTeam: (team: SupsasTeam) => void; }'.
src/pages/supsas/SupsasScoreboardPage.tsx(44,47): error TS2322: Type '{ key: any; delay: any; color: any; }' is not assignable to type '{ delay: number; color: string; }'.
  Property 'key' does not exist on type '{ delay: number; color: string; }'.
src/pages/supsas/SupsasScoreboardPage.tsx(309,31): error TS2322: Type '{ key: any; entry: any; rank: any; isTV: any; }' is not assignable to type '{ entry: SupsasMedalTally; rank: number; isTV: boolean; }'.
  Property 'key' does not exist on type '{ entry: SupsasMedalTally; rank: number; isTV: boolean; }'.
src/pages/TeamPage.tsx(89,22): error TS2322: Type '{ children: any; className: string; }' is not assignable to type 'VariantProps<(props?: ConfigVariants<{ variant: { default: string; secondary: string; destructive: string; outline: string; }; }> & ClassProp) => string>'.
  Property 'children' does not exist on type 'VariantProps<(props?: ConfigVariants<{ variant: { default: string; secondary: string; destructive: string; outline: string; }; }> & ClassProp) => string>'.
src/sw.ts(16,6): error TS2339: Property 'addEventListener' does not exist on type 'ServiceWorkerGlobalScope'.
src/sw.ts(18,10): error TS2339: Property 'skipWaiting' does not exist on type 'ServiceWorkerGlobalScope'.
src/sw.ts(24,6): error TS2339: Property 'addEventListener' does not exist on type 'ServiceWorkerGlobalScope'.
src/sw.ts(91,6): error TS2339: Property 'addEventListener' does not exist on type 'ServiceWorkerGlobalScope'.
src/sw.ts(91,39): error TS2304: Cannot find name 'PushEvent'.
src/sw.ts(109,5): error TS2353: Object literal may only specify known properties, and 'image' does not exist in type 'NotificationOptions'.
src/sw.ts(118,24): error TS2339: Property 'registration' does not exist on type 'ServiceWorkerGlobalScope'.
src/sw.ts(122,6): error TS2339: Property 'addEventListener' does not exist on type 'ServiceWorkerGlobalScope'.
src/sw.ts(122,52): error TS2304: Cannot find name 'NotificationEvent'.
src/sw.ts(139,5): error TS2304: Cannot find name 'clients'.
src/sw.ts(144,48): error TS2304: Cannot find name 'WindowClient'.
src/sw.ts(149,14): error TS2304: Cannot find name 'clients'.
src/utils/docxGenerator.ts(502,5): error TS2322: Type '"center" | "top" | "bottom" | "both"' is not assignable to type 'TableVerticalAlign'.
  Type '"both"' is not assignable to type 'TableVerticalAlign'.
src/utils/docxGenerator.ts(655,7): error TS2353: Object literal may only specify known properties, and 'insideH' does not exist in type 'ITableBordersOptions'.
