src/pages/kebajikan/KebajikanTicketsPage.tsx(81,6): error TS17008: JSX element 'div' has no corresponding closing tag.
src/pages/kebajikan/KebajikanTicketsPage.tsx(192,1): error TS1381: Unexpected token. Did you mean `{'}'}` or `&rbrace;`?
src/pages/kebajikan/KebajikanTicketsPage.tsx(194,56): error TS1005: '}' expected.
src/pages/kebajikan/KebajikanTicketsPage.tsx(194,96): error TS1382: Unexpected token. Did you mean `{'>'}` or `&gt;`?
src/pages/kebajikan/KebajikanTicketsPage.tsx(194,103): error TS1381: Unexpected token. Did you mean `{'}'}` or `&rbrace;`?
src/pages/kebajikan/KebajikanTicketsPage.tsx(195,3): error TS1109: Expression expected.
src/pages/kebajikan/KebajikanTicketsPage.tsx(204,1): error TS1381: Unexpected token. Did you mean `{'}'}` or `&rbrace;`?
src/pages/kebajikan/KebajikanTicketsPage.tsx(207,3): error TS1109: Expression expected.
src/pages/kebajikan/KebajikanTicketsPage.tsx(207,16): error TS1005: '}' expected.
src/pages/kebajikan/KebajikanTicketsPage.tsx(207,83): error TS1381: Unexpected token. Did you mean `{'}'}` or `&rbrace;`?
src/pages/kebajikan/KebajikanTicketsPage.tsx(208,1): error TS1381: Unexpected token. Did you mean `{'}'}` or `&rbrace;`?
src/pages/kebajikan/KebajikanTicketsPage.tsx(209,1): error TS1005: '</' expected.
